Analysis & Synthesis report for add_sub
Wed Nov 01 11:27:44 2017
Quartus II Version 9.1 Build 350 03/24/2010 Service Pack 2 SJ Web Edition


---------------------
; Table of Contents ;
---------------------
  1. Legal Notice
  2. Analysis & Synthesis Summary
  3. Analysis & Synthesis Settings
  4. Parallel Compilation
  5. Analysis & Synthesis Source Files Read
  6. Analysis & Synthesis Resource Usage Summary
  7. Analysis & Synthesis Resource Utilization by Entity
  8. General Register Statistics
  9. Port Connectivity Checks: "Decimal_Display:inst|add_sub:Csc_Bit_Adder7"
 10. Analysis & Synthesis Messages



----------------
; Legal Notice ;
----------------
Copyright (C) 1991-2010 Altera Corporation
Your use of Altera Corporation's design tools, logic functions 
and other software and tools, and its AMPP partner logic 
functions, and any output files from any of the foregoing 
(including device programming or simulation files), and any 
associated documentation or information are expressly subject 
to the terms and conditions of the Altera Program License 
Subscription Agreement, Altera MegaCore Function License 
Agreement, or other applicable license agreement, including, 
without limitation, that your use is for the sole purpose of 
programming logic devices manufactured by Altera and sold by 
Altera or its authorized distributors.  Please refer to the 
applicable agreement for further details.



+-----------------------------------------------------------------------------------+
; Analysis & Synthesis Summary                                                      ;
+------------------------------------+----------------------------------------------+
; Analysis & Synthesis Status        ; Successful - Wed Nov 01 11:27:44 2017        ;
; Quartus II Version                 ; 9.1 Build 350 03/24/2010 SP 2 SJ Web Edition ;
; Revision Name                      ; add_sub                                      ;
; Top-level Entity Name              ; Block2                                       ;
; Family                             ; Cyclone II                                   ;
; Total logic elements               ; 30                                           ;
;     Total combinational functions  ; 30                                           ;
;     Dedicated logic registers      ; 0                                            ;
; Total registers                    ; 0                                            ;
; Total pins                         ; 31                                           ;
; Total virtual pins                 ; 0                                            ;
; Total memory bits                  ; 0                                            ;
; Embedded Multiplier 9-bit elements ; 0                                            ;
; Total PLLs                         ; 0                                            ;
+------------------------------------+----------------------------------------------+


+----------------------------------------------------------------------------------------------------------------------+
; Analysis & Synthesis Settings                                                                                        ;
+----------------------------------------------------------------------------+--------------------+--------------------+
; Option                                                                     ; Setting            ; Default Value      ;
+----------------------------------------------------------------------------+--------------------+--------------------+
; Device                                                                     ; EP2C35F672C6       ;                    ;
; Top-level entity name                                                      ; Block2             ; add_sub            ;
; Family name                                                                ; Cyclone II         ; Stratix II         ;
; Use Generated Physical Constraints File                                    ; Off                ;                    ;
; Use smart compilation                                                      ; Off                ; Off                ;
; Enable parallel Assembler and TimeQuest Timing Analyzer during compilation ; On                 ; On                 ;
; Enable compact report table                                                ; Off                ; Off                ;
; Restructure Multiplexers                                                   ; Auto               ; Auto               ;
; Create Debugging Nodes for IP Cores                                        ; Off                ; Off                ;
; Preserve fewer node names                                                  ; On                 ; On                 ;
; Disable OpenCore Plus hardware evaluation                                  ; Off                ; Off                ;
; Verilog Version                                                            ; Verilog_2001       ; Verilog_2001       ;
; VHDL Version                                                               ; VHDL_1993          ; VHDL_1993          ;
; State Machine Processing                                                   ; Auto               ; Auto               ;
; Safe State Machine                                                         ; Off                ; Off                ;
; Extract Verilog State Machines                                             ; On                 ; On                 ;
; Extract VHDL State Machines                                                ; On                 ; On                 ;
; Ignore Verilog initial constructs                                          ; Off                ; Off                ;
; Iteration limit for constant Verilog loops                                 ; 5000               ; 5000               ;
; Iteration limit for non-constant Verilog loops                             ; 250                ; 250                ;
; Add Pass-Through Logic to Inferred RAMs                                    ; On                 ; On                 ;
; Parallel Synthesis                                                         ; On                 ; On                 ;
; DSP Block Balancing                                                        ; Auto               ; Auto               ;
; NOT Gate Push-Back                                                         ; On                 ; On                 ;
; Power-Up Don't Care                                                        ; On                 ; On                 ;
; Remove Redundant Logic Cells                                               ; Off                ; Off                ;
; Remove Duplicate Registers                                                 ; On                 ; On                 ;
; Ignore CARRY Buffers                                                       ; Off                ; Off                ;
; Ignore CASCADE Buffers                                                     ; Off                ; Off                ;
; Ignore GLOBAL Buffers                                                      ; Off                ; Off                ;
; Ignore ROW GLOBAL Buffers                                                  ; Off                ; Off                ;
; Ignore LCELL Buffers                                                       ; Off                ; Off                ;
; Ignore SOFT Buffers                                                        ; On                 ; On                 ;
; Limit AHDL Integers to 32 Bits                                             ; Off                ; Off                ;
; Optimization Technique                                                     ; Balanced           ; Balanced           ;
; Carry Chain Length                                                         ; 70                 ; 70                 ;
; Auto Carry Chains                                                          ; On                 ; On                 ;
; Auto Open-Drain Pins                                                       ; On                 ; On                 ;
; Perform WYSIWYG Primitive Resynthesis                                      ; Off                ; Off                ;
; Auto ROM Replacement                                                       ; On                 ; On                 ;
; Auto RAM Replacement                                                       ; On                 ; On                 ;
; Auto Shift Register Replacement                                            ; Auto               ; Auto               ;
; Auto Clock Enable Replacement                                              ; On                 ; On                 ;
; Strict RAM Replacement                                                     ; Off                ; Off                ;
; Allow Synchronous Control Signals                                          ; On                 ; On                 ;
; Force Use of Synchronous Clear Signals                                     ; Off                ; Off                ;
; Auto RAM to Logic Cell Conversion                                          ; Off                ; Off                ;
; Auto Resource Sharing                                                      ; Off                ; Off                ;
; Allow Any RAM Size For Recognition                                         ; Off                ; Off                ;
; Allow Any ROM Size For Recognition                                         ; Off                ; Off                ;
; Allow Any Shift Register Size For Recognition                              ; Off                ; Off                ;
; Use LogicLock Constraints during Resource Balancing                        ; On                 ; On                 ;
; Ignore translate_off and synthesis_off directives                          ; Off                ; Off                ;
; Timing-Driven Synthesis                                                    ; Off                ; Off                ;
; Show Parameter Settings Tables in Synthesis Report                         ; On                 ; On                 ;
; Ignore Maximum Fan-Out Assignments                                         ; Off                ; Off                ;
; Synchronization Register Chain Length                                      ; 2                  ; 2                  ;
; PowerPlay Power Optimization                                               ; Normal compilation ; Normal compilation ;
; HDL message level                                                          ; Level2             ; Level2             ;
; Suppress Register Optimization Related Messages                            ; Off                ; Off                ;
; Number of Removed Registers Reported in Synthesis Report                   ; 5000               ; 5000               ;
; Number of Inverted Registers Reported in Synthesis Report                  ; 100                ; 100                ;
; Clock MUX Protection                                                       ; On                 ; On                 ;
; Auto Gated Clock Conversion                                                ; Off                ; Off                ;
; Block Design Naming                                                        ; Auto               ; Auto               ;
; SDC constraint protection                                                  ; Off                ; Off                ;
; Synthesis Effort                                                           ; Auto               ; Auto               ;
; Shift Register Replacement - Allow Asynchronous Clear Signal               ; On                 ; On                 ;
; Analysis & Synthesis Message Level                                         ; Medium             ; Medium             ;
; Disable Register Merging Across Hierarchies                                ; Auto               ; Auto               ;
; Resource Aware Inference For Block RAM                                     ; On                 ; On                 ;
+----------------------------------------------------------------------------+--------------------+--------------------+


Parallel compilation was disabled, but you have multiple processors available. Enable parallel compilation to reduce compilation time.
+-------------------------------------+
; Parallel Compilation                ;
+----------------------------+--------+
; Processors                 ; Number ;
+----------------------------+--------+
; Number detected on machine ; 2      ;
; Maximum allowed            ; 1      ;
+----------------------------+--------+


+--------------------------------------------------------------------------------------------------------------------------------------------------------+
; Analysis & Synthesis Source Files Read                                                                                                                 ;
+----------------------------------+-----------------+------------------------------------+--------------------------------------------------------------+
; File Name with User-Entered Path ; Used in Netlist ; File Type                          ; File Name with Absolute Path                                 ;
+----------------------------------+-----------------+------------------------------------+--------------------------------------------------------------+
; add_sub.vhd                      ; yes             ; User VHDL File                     ; C:/Users/gerti/Desktop/VHDL Report/Lab6/add_sub.vhd          ;
; Mux_8_to_4.vhd                   ; yes             ; User VHDL File                     ; C:/Users/gerti/Desktop/VHDL Report/Lab6/Mux_8_to_4.vhd       ;
; Seg_display_tens.vhd             ; yes             ; User VHDL File                     ; C:/Users/gerti/Desktop/VHDL Report/Lab6/Seg_display_tens.vhd ;
; Seg_Display.vhd                  ; yes             ; User VHDL File                     ; C:/Users/gerti/Desktop/VHDL Report/Lab6/Seg_Display.vhd      ;
; comparator.vhd                   ; yes             ; User VHDL File                     ; C:/Users/gerti/Desktop/VHDL Report/Lab6/comparator.vhd       ;
; Decimal_Display.vhd              ; yes             ; User VHDL File                     ; C:/Users/gerti/Desktop/VHDL Report/Lab6/Decimal_Display.vhd  ;
; Block2.bdf                       ; yes             ; User Block Diagram/Schematic File  ; C:/Users/gerti/Desktop/VHDL Report/Lab6/Block2.bdf           ;
+----------------------------------+-----------------+------------------------------------+--------------------------------------------------------------+


+------------------------------------------------------------------------------------+
; Analysis & Synthesis Resource Usage Summary                                        ;
+---------------------------------------------+--------------------------------------+
; Resource                                    ; Usage                                ;
+---------------------------------------------+--------------------------------------+
; Estimated Total logic elements              ; 30                                   ;
;                                             ;                                      ;
; Total combinational functions               ; 30                                   ;
; Logic element usage by number of LUT inputs ;                                      ;
;     -- 4 input functions                    ; 20                                   ;
;     -- 3 input functions                    ; 9                                    ;
;     -- <=2 input functions                  ; 1                                    ;
;                                             ;                                      ;
; Logic elements by mode                      ;                                      ;
;     -- normal mode                          ; 30                                   ;
;     -- arithmetic mode                      ; 0                                    ;
;                                             ;                                      ;
; Total registers                             ; 0                                    ;
;     -- Dedicated logic registers            ; 0                                    ;
;     -- I/O registers                        ; 0                                    ;
;                                             ;                                      ;
; I/O pins                                    ; 31                                   ;
; Maximum fan-out node                        ; Decimal_Display:inst|overflow_comp~1 ;
; Maximum fan-out                             ; 10                                   ;
; Total fan-out                               ; 120                                  ;
; Average fan-out                             ; 1.97                                 ;
+---------------------------------------------+--------------------------------------+


+---------------------------------------------------------------------------------------------------------------------------------------------------------------------------------------------------------------------------+
; Analysis & Synthesis Resource Utilization by Entity                                                                                                                                                                       ;
+-------------------------------------+-------------------+--------------+-------------+--------------+---------+-----------+------+--------------+----------------------------------------------------------+--------------+
; Compilation Hierarchy Node          ; LC Combinationals ; LC Registers ; Memory Bits ; DSP Elements ; DSP 9x9 ; DSP 18x18 ; Pins ; Virtual Pins ; Full Hierarchy Name                                      ; Library Name ;
+-------------------------------------+-------------------+--------------+-------------+--------------+---------+-----------+------+--------------+----------------------------------------------------------+--------------+
; |Block2                             ; 30 (0)            ; 0 (0)        ; 0           ; 0            ; 0       ; 0         ; 31   ; 0            ; |Block2                                                  ; work         ;
;    |Decimal_Display:inst|           ; 30 (2)            ; 0 (0)        ; 0           ; 0            ; 0       ; 0         ; 0    ; 0            ; |Block2|Decimal_Display:inst                             ;              ;
;       |Mux_8_to_4:Csc_Mux|          ; 4 (4)             ; 0 (0)        ; 0           ; 0            ; 0       ; 0         ; 0    ; 0            ; |Block2|Decimal_Display:inst|Mux_8_to_4:Csc_Mux          ;              ;
;       |Seg_Display:Csc_Seg_Display| ; 7 (7)             ; 0 (0)        ; 0           ; 0            ; 0       ; 0         ; 0    ; 0            ; |Block2|Decimal_Display:inst|Seg_Display:Csc_Seg_Display ;              ;
;       |add_sub:Csc_Bit_Adder0|      ; 1 (1)             ; 0 (0)        ; 0           ; 0            ; 0       ; 0         ; 0    ; 0            ; |Block2|Decimal_Display:inst|add_sub:Csc_Bit_Adder0      ;              ;
;       |add_sub:Csc_Bit_Adder1|      ; 2 (2)             ; 0 (0)        ; 0           ; 0            ; 0       ; 0         ; 0    ; 0            ; |Block2|Decimal_Display:inst|add_sub:Csc_Bit_Adder1      ;              ;
;       |add_sub:Csc_Bit_Adder2|      ; 2 (2)             ; 0 (0)        ; 0           ; 0            ; 0       ; 0         ; 0    ; 0            ; |Block2|Decimal_Display:inst|add_sub:Csc_Bit_Adder2      ;              ;
;       |add_sub:Csc_Bit_Adder3|      ; 2 (2)             ; 0 (0)        ; 0           ; 0            ; 0       ; 0         ; 0    ; 0            ; |Block2|Decimal_Display:inst|add_sub:Csc_Bit_Adder3      ;              ;
;       |add_sub:Csc_Bit_Adder4|      ; 5 (5)             ; 0 (0)        ; 0           ; 0            ; 0       ; 0         ; 0    ; 0            ; |Block2|Decimal_Display:inst|add_sub:Csc_Bit_Adder4      ;              ;
;       |add_sub:Csc_Bit_Adder5|      ; 2 (2)             ; 0 (0)        ; 0           ; 0            ; 0       ; 0         ; 0    ; 0            ; |Block2|Decimal_Display:inst|add_sub:Csc_Bit_Adder5      ;              ;
;       |add_sub:Csc_Bit_Adder6|      ; 2 (2)             ; 0 (0)        ; 0           ; 0            ; 0       ; 0         ; 0    ; 0            ; |Block2|Decimal_Display:inst|add_sub:Csc_Bit_Adder6      ;              ;
;       |add_sub:Csc_Bit_Adder7|      ; 1 (1)             ; 0 (0)        ; 0           ; 0            ; 0       ; 0         ; 0    ; 0            ; |Block2|Decimal_Display:inst|add_sub:Csc_Bit_Adder7      ;              ;
+-------------------------------------+-------------------+--------------+-------------+--------------+---------+-----------+------+--------------+----------------------------------------------------------+--------------+
Note: For table entries with two numbers listed, the numbers in parentheses indicate the number of resources of the given type used by the specific entity alone. The numbers listed outside of parentheses indicate the total resources of the given type used by the specific entity and all of its sub-entities in the hierarchy.


+------------------------------------------------------+
; General Register Statistics                          ;
+----------------------------------------------+-------+
; Statistic                                    ; Value ;
+----------------------------------------------+-------+
; Total registers                              ; 0     ;
; Number of registers using Synchronous Clear  ; 0     ;
; Number of registers using Synchronous Load   ; 0     ;
; Number of registers using Asynchronous Clear ; 0     ;
; Number of registers using Asynchronous Load  ; 0     ;
; Number of registers using Clock Enable       ; 0     ;
; Number of registers using Preset             ; 0     ;
+----------------------------------------------+-------+


+----------------------------------------------------------------------------------------------------------------+
; Port Connectivity Checks: "Decimal_Display:inst|add_sub:Csc_Bit_Adder7"                                        ;
+------+--------+----------+-------------------------------------------------------------------------------------+
; Port ; Type   ; Severity ; Details                                                                             ;
+------+--------+----------+-------------------------------------------------------------------------------------+
; cout ; Output ; Info     ; Connected to dangling logic. Logic that only feeds a dangling port will be removed. ;
+------+--------+----------+-------------------------------------------------------------------------------------+


+-------------------------------+
; Analysis & Synthesis Messages ;
+-------------------------------+
Info: *******************************************************************
Info: Running Quartus II Analysis & Synthesis
    Info: Version 9.1 Build 350 03/24/2010 Service Pack 2 SJ Web Edition
    Info: Processing started: Wed Nov 01 11:27:41 2017
Info: Command: quartus_map --read_settings_files=on --write_settings_files=off add_sub -c add_sub
Info: Found 2 design units, including 1 entities, in source file add_sub.vhd
    Info: Found design unit 1: add_sub-Behaviour
    Info: Found entity 1: add_sub
Info: Found 2 design units, including 1 entities, in source file mux_8_to_4.vhd
    Info: Found design unit 1: Mux_8_to_4-Behaviour
    Info: Found entity 1: Mux_8_to_4
Info: Found 2 design units, including 1 entities, in source file seg_display_tens.vhd
    Info: Found design unit 1: Seg_display_tens-Behav
    Info: Found entity 1: Seg_display_tens
Info: Found 2 design units, including 1 entities, in source file seg_display.vhd
    Info: Found design unit 1: Seg_Display-struct
    Info: Found entity 1: Seg_Display
Info: Found 3 design units, including 1 entities, in source file csc21100_4bit_add_sub.vhd
    Info: Found design unit 1: Csc211_Gerti_Kulla_Package
    Info: Found design unit 2: Csc21100_4bit_add_sub-Behaviour
    Info: Found entity 1: Csc21100_4bit_add_sub
Info: Found 1 design units, including 1 entities, in source file block1.bdf
    Info: Found entity 1: Block1
Info: Found 2 design units, including 1 entities, in source file comparator.vhd
    Info: Found design unit 1: comparator-Struct
    Info: Found entity 1: comparator
Info: Found 3 design units, including 1 entities, in source file decimal_display.vhd
    Info: Found design unit 1: Csc211_Gerti_Kulla_Package2
    Info: Found design unit 2: Decimal_Display-Behaviour
    Info: Found entity 1: Decimal_Display
Info: Found 1 design units, including 1 entities, in source file block2.bdf
    Info: Found entity 1: Block2
Info: Elaborating entity "Block2" for the top level hierarchy
Info: Elaborating entity "Decimal_Display" for hierarchy "Decimal_Display:inst"
Warning (10492): VHDL Process Statement warning at Decimal_Display.vhd(60): signal "b" is read inside the Process Statement but isn't in the Process Statement's sensitivity list
Warning (10492): VHDL Process Statement warning at Decimal_Display.vhd(62): signal "b" is read inside the Process Statement but isn't in the Process Statement's sensitivity list
Info: Elaborating entity "add_sub" for hierarchy "Decimal_Display:inst|add_sub:Csc_Bit_Adder0"
Info: Elaborating entity "comparator" for hierarchy "Decimal_Display:inst|comparator:Csc_Comparator"
Info: Elaborating entity "Mux_8_to_4" for hierarchy "Decimal_Display:inst|Mux_8_to_4:Csc_Mux"
Warning (10492): VHDL Process Statement warning at Mux_8_to_4.vhd(15): signal "a" is read inside the Process Statement but isn't in the Process Statement's sensitivity list
Warning (10492): VHDL Process Statement warning at Mux_8_to_4.vhd(16): signal "b" is read inside the Process Statement but isn't in the Process Statement's sensitivity list
Info: Elaborating entity "Seg_Display" for hierarchy "Decimal_Display:inst|Seg_Display:Csc_Seg_Display"
Info: Elaborating entity "Seg_display_tens" for hierarchy "Decimal_Display:inst|Seg_display_tens:Csc_Seg_Display_tens"
Warning: Output pins are stuck at VCC or GND
    Warning (13410): Pin "tens[6]" is stuck at VCC
    Warning (13410): Pin "tens[2]" is stuck at GND
    Warning (13410): Pin "tens[1]" is stuck at GND
Info: Implemented 61 device resources after synthesis - the final resource count might be different
    Info: Implemented 17 input pins
    Info: Implemented 14 output pins
    Info: Implemented 30 logic cells
Info: Quartus II Analysis & Synthesis was successful. 0 errors, 8 warnings
    Info: Peak virtual memory: 229 megabytes
    Info: Processing ended: Wed Nov 01 11:27:44 2017
    Info: Elapsed time: 00:00:03
    Info: Total CPU time (on all processors): 00:00:03


