--------------------------------------------------------------------------------------
Timing Analyzer Summary
--------------------------------------------------------------------------------------

Type           : Worst-case tsu
Slack          : N/A
Required Time  : None
Actual Time    : 5.881 ns
From           : A
To             : ms_ff:inst|d_latch:inst|inst5~1
From Clock     : --
To Clock       : Clk
Failed Paths   : 0

Type           : Worst-case tco
Slack          : N/A
Required Time  : None
Actual Time    : 8.981 ns
From           : ms_ff:inst16|d_latch:inst1|inst5~1
To             : Q15
From Clock     : Clk
To Clock       : --
Failed Paths   : 0

Type           : Worst-case tpd
Slack          : N/A
Required Time  : None
Actual Time    : 11.233 ns
From           : A
To             : Q1
From Clock     : --
To Clock       : --
Failed Paths   : 0

Type           : Worst-case th
Slack          : N/A
Required Time  : None
Actual Time    : -0.629 ns
From           : D
To             : ms_ff:inst|d_latch:inst|inst5~1
From Clock     : --
To Clock       : Clk
Failed Paths   : 0

Type           : Clock Setup: 'Clk'
Slack          : N/A
Required Time  : None
Actual Time    : 242.60 MHz ( period = 4.122 ns )
From           : ms_ff:inst18|d_latch:inst1|inst5~1
To             : ms_ff:inst|d_latch:inst|inst5~1
From Clock     : Clk
To Clock       : Clk
Failed Paths   : 0

Type           : Total number of failed paths
Slack          : 
Required Time  : 
Actual Time    : 
From           : 
To             : 
From Clock     : 
To Clock       : 
Failed Paths   : 0

--------------------------------------------------------------------------------------

